// Jest Snapshot v1, https://goo.gl/fbAQLP

exports[`SwitchButton component expects component to never be changed 1`] = `
<WithStyles(ForwardRef(Fab))
  aria-label="Switch"
  className="switch-button-container "
  onClick={[Function]}
  size="small"
>
  <[object Object]
    className="switch-button__icon"
  />
</WithStyles(ForwardRef(Fab))>
`;
