// Jest Snapshot v1, https://goo.gl/fbAQLP

exports[`CurrentRate component expects component to never be changed 1`] = `
<ContextProvider
  value={null}
>
  <CurrentRate
    className={null}
    currencyFrom={
      Object {
        "name": "GBP",
        "symbol": "£",
      }
    }
    currencyTo={
      Object {
        "name": "EUR",
        "symbol": "€",
      }
    }
    dispatch={[Function]}
    rate={null}
    store={
      Object {
        "clearActions": [Function],
        "dispatch": [Function],
        "getActions": [Function],
        "getState": [Function],
        "replaceReducer": [Function],
        "subscribe": [Function],
      }
    }
  />
</ContextProvider>
`;
